Archive member included to satisfy reference by file (symbol)

C:/Program Files/Arm/GNU Toolchain mingw-w64-x86_64-arm-none-eabi/bin/../lib/gcc/arm-none-eabi/15.2.1/thumb/v6-m/nofp\libgcc.a(_udivsi3.o)
                              boards/payload_ctrl/CMakeFiles/payload_ctrl.dir/__/__/common/libcanard/canard.c.obj (__aeabi_uidiv)
C:/Program Files/Arm/GNU Toolchain mingw-w64-x86_64-arm-none-eabi/bin/../lib/gcc/arm-none-eabi/15.2.1/thumb/v6-m/nofp\libgcc.a(_divsi3.o)
                              boards/payload_ctrl/CMakeFiles/payload_ctrl.dir/__/__/common/libcanard/canard.c.obj (__aeabi_idiv)
C:/Program Files/Arm/GNU Toolchain mingw-w64-x86_64-arm-none-eabi/bin/../lib/gcc/arm-none-eabi/15.2.1/thumb/v6-m/nofp\libgcc.a(_dvmd_tls.o)
                              C:/Program Files/Arm/GNU Toolchain mingw-w64-x86_64-arm-none-eabi/bin/../lib/gcc/arm-none-eabi/15.2.1/thumb/v6-m/nofp\libgcc.a(_udivsi3.o) (__aeabi_idiv0)
C:/Program Files/Arm/GNU Toolchain mingw-w64-x86_64-arm-none-eabi/bin/../lib/gcc/arm-none-eabi/15.2.1/thumb/v6-m/nofp\libgcc.a(_arm_cmpsf2.o)
                              boards/payload_ctrl/CMakeFiles/payload_ctrl.dir/__/__/common/libcanard/canard.c.obj (__aeabi_fcmpge)
C:/Program Files/Arm/GNU Toolchain mingw-w64-x86_64-arm-none-eabi/bin/../lib/gcc/arm-none-eabi/15.2.1/thumb/v6-m/nofp\libgcc.a(eqsf2.o)
                              C:/Program Files/Arm/GNU Toolchain mingw-w64-x86_64-arm-none-eabi/bin/../lib/gcc/arm-none-eabi/15.2.1/thumb/v6-m/nofp\libgcc.a(_arm_cmpsf2.o) (__eqsf2)
C:/Program Files/Arm/GNU Toolchain mingw-w64-x86_64-arm-none-eabi/bin/../lib/gcc/arm-none-eabi/15.2.1/thumb/v6-m/nofp\libgcc.a(gesf2.o)
                              C:/Program Files/Arm/GNU Toolchain mingw-w64-x86_64-arm-none-eabi/bin/../lib/gcc/arm-none-eabi/15.2.1/thumb/v6-m/nofp\libgcc.a(_arm_cmpsf2.o) (__gesf2)
C:/Program Files/Arm/GNU Toolchain mingw-w64-x86_64-arm-none-eabi/bin/../lib/gcc/arm-none-eabi/15.2.1/thumb/v6-m/nofp\libgcc.a(lesf2.o)
                              C:/Program Files/Arm/GNU Toolchain mingw-w64-x86_64-arm-none-eabi/bin/../lib/gcc/arm-none-eabi/15.2.1/thumb/v6-m/nofp\libgcc.a(_arm_cmpsf2.o) (__lesf2)
C:/Program Files/Arm/GNU Toolchain mingw-w64-x86_64-arm-none-eabi/bin/../lib/gcc/arm-none-eabi/15.2.1/thumb/v6-m/nofp\libgcc.a(mulsf3.o)
                              boards/payload_ctrl/CMakeFiles/payload_ctrl.dir/__/__/common/libcanard/canard.c.obj (__aeabi_fmul)
C:/Program Files/Arm/GNU Toolchain mingw-w64-x86_64-arm-none-eabi/bin/../lib/gcc/arm-none-eabi/15.2.1/thumb/v6-m/nofp\libgcc.a(_clzsi2.o)
                              C:/Program Files/Arm/GNU Toolchain mingw-w64-x86_64-arm-none-eabi/bin/../lib/gcc/arm-none-eabi/15.2.1/thumb/v6-m/nofp\libgcc.a(mulsf3.o) (__clzsi2)
C:/Program Files/Arm/GNU Toolchain mingw-w64-x86_64-arm-none-eabi/bin/../lib/gcc/arm-none-eabi/15.2.1/../../../../arm-none-eabi/lib/thumb/v6-m/nofp\libg_nano.a(libc_a-exit.o)
                              C:/Program Files/Arm/GNU Toolchain mingw-w64-x86_64-arm-none-eabi/bin/../lib/gcc/arm-none-eabi/15.2.1/../../../../arm-none-eabi/lib/thumb/v6-m/nofp/rdimon-crt0.o (exit)
C:/Program Files/Arm/GNU Toolchain mingw-w64-x86_64-arm-none-eabi/bin/../lib/gcc/arm-none-eabi/15.2.1/../../../../arm-none-eabi/lib/thumb/v6-m/nofp\libg_nano.a(libc_a-findfp.o)
                              C:/Program Files/Arm/GNU Toolchain mingw-w64-x86_64-arm-none-eabi/bin/../lib/gcc/arm-none-eabi/15.2.1/../../../../arm-none-eabi/lib/thumb/v6-m/nofp\libg_nano.a(libc_a-exit.o) (__stdio_exit_handler)
C:/Program Files/Arm/GNU Toolchain mingw-w64-x86_64-arm-none-eabi/bin/../lib/gcc/arm-none-eabi/15.2.1/../../../../arm-none-eabi/lib/thumb/v6-m/nofp\libg_nano.a(libc_a-fwalk.o)
                              C:/Program Files/Arm/GNU Toolchain mingw-w64-x86_64-arm-none-eabi/bin/../lib/gcc/arm-none-eabi/15.2.1/../../../../arm-none-eabi/lib/thumb/v6-m/nofp\libg_nano.a(libc_a-findfp.o) (_fwalk_sglue)
C:/Program Files/Arm/GNU Toolchain mingw-w64-x86_64-arm-none-eabi/bin/../lib/gcc/arm-none-eabi/15.2.1/../../../../arm-none-eabi/lib/thumb/v6-m/nofp\libg_nano.a(libc_a-stdio.o)
                              C:/Program Files/Arm/GNU Toolchain mingw-w64-x86_64-arm-none-eabi/bin/../lib/gcc/arm-none-eabi/15.2.1/../../../../arm-none-eabi/lib/thumb/v6-m/nofp\libg_nano.a(libc_a-findfp.o) (__sread)
C:/Program Files/Arm/GNU Toolchain mingw-w64-x86_64-arm-none-eabi/bin/../lib/gcc/arm-none-eabi/15.2.1/../../../../arm-none-eabi/lib/thumb/v6-m/nofp\libg_nano.a(libc_a-memset.o)
                              C:/Program Files/Arm/GNU Toolchain mingw-w64-x86_64-arm-none-eabi/bin/../lib/gcc/arm-none-eabi/15.2.1/../../../../arm-none-eabi/lib/thumb/v6-m/nofp/rdimon-crt0.o (memset)
C:/Program Files/Arm/GNU Toolchain mingw-w64-x86_64-arm-none-eabi/bin/../lib/gcc/arm-none-eabi/15.2.1/../../../../arm-none-eabi/lib/thumb/v6-m/nofp\libg_nano.a(libc_a-closer.o)
[...]
Memory Configuration

Name             Origin             Length             Attributes
RAM              0x20000000         0x00007800         xrw
FLASH            0x08000000         0x00040000         xr
*default*        0x00000000         0xffffffff

Linker script and memory map

LOAD C:/Program Files/Arm/GNU Toolchain mingw-w64-x86_64-arm-none-eabi/bin/../lib/gcc/arm-none-eabi/15.2.1/thumb/v6-m/nofp/crti.o
LOAD C:/Program Files/Arm/GNU Toolchain mingw-w64-x86_64-arm-none-eabi/bin/../lib/gcc/arm-none-eabi/15.2.1/thumb/v6-m/nofp/crtbegin.o
LOAD C:/Program Files/Arm/GNU Toolchain mingw-w64-x86_64-arm-none-eabi/bin/../lib/gcc/arm-none-eabi/15.2.1/../../../../arm-none-eabi/lib/thumb/v6-m/nofp/rdimon-crt0.o
LOAD boards/payload_ctrl/CMakeFiles/payload_ctrl.dir/app/main.c.obj
LOAD boards/payload_ctrl/CMakeFiles/payload_ctrl.dir/bsp/startup_stm32c092xx.s.obj
LOAD boards/payload_ctrl/CMakeFiles/payload_ctrl.dir/__/__/common/libcanard/canard.c.obj
START GROUP
LOAD C:/Program Files/Arm/GNU Toolchain mingw-w64-x86_64-arm-none-eabi/bin/../lib/gcc/arm-none-eabi/15.2.1/thumb/v6-m/nofp\libgcc.a
LOAD C:/Program Files/Arm/GNU Toolchain mingw-w64-x86_64-arm-none-eabi/bin/../lib/gcc/arm-none-eabi/15.2.1/../../../../arm-none-eabi/lib/thumb/v6-m/nofp\libg_nano.a
LOAD C:/Program Files/Arm/GNU Toolchain mingw-w64-x86_64-arm-none-eabi/bin/../lib/gcc/arm-none-eabi/15.2.1/../../../../arm-none-eabi/lib/thumb/v6-m/nofp\libc_nano.a
END GROUP
START GROUP
LOAD C:/Program Files/Arm/GNU Toolchain mingw-w64-x86_64-arm-none-eabi/bin/../lib/gcc/arm-none-eabi/15.2.1/thumb/v6-m/nofp\libgcc.a
LOAD C:/Program Files/Arm/GNU Toolchain mingw-w64-x86_64-arm-none-eabi/bin/../lib/gcc/arm-none-eabi/15.2.1/../../../../arm-none-eabi/lib/thumb/v6-m/nofp\libc_nano.a
LOAD C:/Program Files/Arm/GNU Toolchain mingw-w64-x86_64-arm-none-eabi/bin/../lib/gcc/arm-none-eabi/15.2.1/../../../../arm-none-eabi/lib/thumb/v6-m/nofp\librdimon_nano.a
END GROUP
START GROUP
LOAD C:/Program Files/Arm/GNU Toolchain mingw-w64-x86_64-arm-none-eabi/bin/../lib/gcc/arm-none-eabi/15.2.1/thumb/v6-m/nofp\libgcc.a
LOAD C:/Program Files/Arm/GNU Toolchain mingw-w64-x86_64-arm-none-eabi/bin/../lib/gcc/arm-none-eabi/15.2.1/../../../../arm-none-eabi/lib/thumb/v6-m/nofp\libc_nano.a
LOAD C:/Program Files/Arm/GNU Toolchain mingw-w64-x86_64-arm-none-eabi/bin/../lib/gcc/arm-none-eabi/15.2.1/../../../../arm-none-eabi/lib/thumb/v6-m/nofp\librdimon_nano.a
END GROUP
LOAD C:/Program Files/Arm/GNU Toolchain mingw-w64-x86_64-arm-none-eabi/bin/../lib/gcc/arm-none-eabi/15.2.1/thumb/v6-m/nofp/crtend.o
LOAD C:/Program Files/Arm/GNU Toolchain mingw-w64-x86_64-arm-none-eabi/bin/../lib/gcc/arm-none-eabi/15.2.1/thumb/v6-m/nofp/crtn.o
                0x20007800                        _estack = (ORIGIN (RAM) + LENGTH (RAM))

.isr_vector     0x08000000       0xc0
                0x08000000                        . = ALIGN (0x4)
 *(.isr_vector)
 .isr_vector    0x08000000       0xc0 boards/payload_ctrl/CMakeFiles/payload_ctrl.dir/bsp/startup_stm32c092xx.s.obj
                0x08000000                g_pfnVectors
 *(.isr_vector*)
                0x080000c0                        . = ALIGN (0x4)

.text           0x080000c0      0x9d0
                0x080000c0                        . = ALIGN (0x4)
 *(.text)
 *(.text*)
 .text.SystemInit
                0x080000c0       0x54 boards/payload_ctrl/CMakeFiles/payload_ctrl.dir/app/main.c.obj
                0x080000c0                SystemInit
 .text.__libc_init_array
                0x08000114        0xa boards/payload_ctrl/CMakeFiles/payload_ctrl.dir/app/main.c.obj
                0x08000114                __libc_init_array
 *fill*         0x0800011e        0x2 
 .text.delay_ms
                0x08000120       0x30 boards/payload_ctrl/CMakeFiles/payload_ctrl.dir/app/main.c.obj
 .text.i2c_write2
                0x08000150      0x148 boards/payload_ctrl/CMakeFiles/payload_ctrl.dir/app/main.c.obj
 .text.eeprom_wait
                0x08000298       0xb0 boards/payload_ctrl/CMakeFiles/payload_ctrl.dir/app/main.c.obj
 .text.AD5144_StoreEEPROM
                0x08000348       0x4a boards/payload_ctrl/CMakeFiles/payload_ctrl.dir/app/main.c.obj
 .text.mux1_select
                0x08000392       0x7a boards/payload_ctrl/CMakeFiles/payload_ctrl.dir/app/main.c.obj
 .text.mux2_select
                0x0800040c       0x54 boards/payload_ctrl/CMakeFiles/payload_ctrl.dir/app/main.c.obj
 .text.all_enables_on
                0x08000460       0x30 boards/payload_ctrl/CMakeFiles/payload_ctrl.dir/app/main.c.obj
 .text.all_enables_off
                0x08000490       0x34 boards/payload_ctrl/CMakeFiles/payload_ctrl.dir/app/main.c.obj
 .text.adc_read_ch
                0x080004c4       0xcc boards/payload_ctrl/CMakeFiles/payload_ctrl.dir/app/main.c.obj
 .text.main     0x08000590      0x4ac boards/payload_ctrl/CMakeFiles/payload_ctrl.dir/app/main.c.obj
                0x08000590                main
 .text.Reset_Handler
                0x08000a3c       0x50 boards/payload_ctrl/CMakeFiles/payload_ctrl.dir/bsp/startup_stm32c092xx.s.obj
                0x08000a3c                Reset_Handler
 .text.Default_Handler
                0x08000a8c        0x2 boards/payload_ctrl/CMakeFiles/payload_ctrl.dir/bsp/startup_stm32c092xx.s.obj
                0x08000a8c                TIM1_CC_IRQHandler
                0x08000a8c                HardFault_Handler
                0x08000a8c                SysTick_Handler
                0x08000a8c                PendSV_Handler
                0x08000a8c                NMI_Handler
                0x08000a8c                I2C1_IRQHandler
                0x08000a8c                FDCAN1_IT1_IRQHandler
                0x08000a8c                SPI1_IRQHandler
                0x08000a8c                USART3_4_IRQHandler
                0x08000a8c                EXTI2_3_IRQHandler
                0x08000a8c                ADC1_IRQHandler
                0x08000a8c                I2C2_IRQHandler
                0x08000a8c                TIM17_IRQHandler
                0x08000a8c                RTC_IRQHandler
                0x08000a8c                TIM16_IRQHandler
                0x08000a8c                TIM3_IRQHandler
                0x08000a8c                EXTI4_15_IRQHandler
                0x08000a8c                RCC_IRQHandler
                0x08000a8c                DMA1_Channel1_IRQHandler
                0x08000a8c                Default_Handler
                0x08000a8c                TIM14_IRQHandler
                0x08000a8c                TIM15_IRQHandler
                0x08000a8c                EXTI0_1_IRQHandler
                0x08000a8c                SPI2_IRQHandler
                0x08000a8c                SVC_Handler
                0x08000a8c                WWDG_IRQHandler
                0x08000a8c                FDCAN1_IT0_IRQHandler
                0x08000a8c                TIM2_IRQHandler
                0x08000a8c                DMA1_Channel2_3_IRQHandler
                0x08000a8c                DMAMUX1_DMA1_CH4_5_IRQHandler
                0x08000a8c                USART2_IRQHandler
                0x08000a8c                FLASH_IRQHandler
                0x08000a8c                USART1_IRQHandler
                0x08000a8c                TIM1_BRK_UP_TRG_COM_IRQHandler
 *(.glue_7)
 .glue_7        0x08000a8e        0x0 linker stubs
 *(.glue_7t)
 .glue_7t       0x08000a8e        0x0 linker stubs
 *(.rodata)
 *(.rodata*)
                0x08000a90                        . = ALIGN (0x4)
 *fill*         0x08000a8e        0x2 
                0x08000a90                        _etext = .
                0x08000a98                        _sidata = LOADADDR (.data)

.vfp11_veneer   0x08000a90        0x0
 .vfp11_veneer  0x08000a90        0x0 linker stubs

.v4_bx          0x08000a90        0x0
 .v4_bx         0x08000a90        0x0 linker stubs

.init           0x08000a90        0x4
 .init          0x08000a90        0x4 C:/Program Files/Arm/GNU Toolchain mingw-w64-x86_64-arm-none-eabi/bin/../lib/gcc/arm-none-eabi/15.2.1/thumb/v6-m/nofp/crti.o
                0x08000a90                _init

.fini           0x08000a94        0x4
 .fini          0x08000a94        0x4 C:/Program Files/Arm/GNU Toolchain mingw-w64-x86_64-arm-none-eabi/bin/../lib/gcc/arm-none-eabi/15.2.1/thumb/v6-m/nofp/crti.o
                0x08000a94                _fini

.iplt           0x08000a98        0x0
 .iplt          0x08000a98        0x0 boards/payload_ctrl/CMakeFiles/payload_ctrl.dir/app/main.c.obj

.rel.dyn        0x08000a98        0x0
 .rel.iplt      0x08000a98        0x0 boards/payload_ctrl/CMakeFiles/payload_ctrl.dir/app/main.c.obj

.data           0x20000000        0x0 load address 0x08000a98
                0x20000000                        . = ALIGN (0x4)
                0x20000000                        _sdata = .
 *(.data)
 *(.data*)
                0x20000000                        . = ALIGN (0x4)
                0x20000000                        _edata = .

.igot.plt       0x20000000        0x0 load address 0x08000a98
 .igot.plt      0x20000000        0x0 boards/payload_ctrl/CMakeFiles/payload_ctrl.dir/app/main.c.obj

.bss            0x20000000        0x0 load address 0x08000a98
                0x20000000                        . = ALIGN (0x4)
                0x20000000                        _sbss = .
 *(.bss)
 *(.bss*)
 *(COMMON)
                0x20000000                        . = ALIGN (0x4)
                0x20000000                        _ebss = .

._user_heap_stack
                0x20000000      0x800 load address 0x08000a98
                0x20000000                        . = ALIGN (0x8)
                0x20000000                        PROVIDE (end = .)
                0x20000400                        . = (. + 0x400)
 *fill*         0x20000000      0x400 
                0x20000800                        . = (. + 0x400)
 *fill*         0x20000400      0x400 
                0x20000800                        . = ALIGN (0x8)
OUTPUT(boards\payload_ctrl\payload_ctrl elf32-littlearm)
LOAD linker stubs

.ARM.attributes
                0x00000000       0x28
 .ARM.attributes
                0x00000000       0x1e C:/Program Files/Arm/GNU Toolchain mingw-w64-x86_64-arm-none-eabi/bin/../lib/gcc/arm-none-eabi/15.2.1/thumb/v6-m/nofp/crti.o
 .ARM.attributes
                0x0000001e       0x2c boards/payload_ctrl/CMakeFiles/payload_ctrl.dir/app/main.c.obj
 .ARM.attributes
                0x0000004a       0x22 boards/payload_ctrl/CMakeFiles/payload_ctrl.dir/bsp/startup_stm32c092xx.s.obj

.comment        0x00000000       0x45
 .comment       0x00000000       0x45 boards/payload_ctrl/CMakeFiles/payload_ctrl.dir/app/main.c.obj
                                 0x46 (size before relaxing)

.debug_info     0x00000000      0x78e
 .debug_info    0x00000000      0x75e boards/payload_ctrl/CMakeFiles/payload_ctrl.dir/app/main.c.obj
 .debug_info    0x0000075e       0x30 boards/payload_ctrl/CMakeFiles/payload_ctrl.dir/bsp/startup_stm32c092xx.s.obj

.debug_abbrev   0x00000000      0x217
 .debug_abbrev  0x00000000      0x1f3 boards/payload_ctrl/CMakeFiles/payload_ctrl.dir/app/main.c.obj
 .debug_abbrev  0x000001f3       0x24 boards/payload_ctrl/CMakeFiles/payload_ctrl.dir/bsp/startup_stm32c092xx.s.obj

.debug_aranges  0x00000000       0xa0
 .debug_aranges
                0x00000000       0x78 boards/payload_ctrl/CMakeFiles/payload_ctrl.dir/app/main.c.obj
 .debug_aranges
                0x00000078       0x28 boards/payload_ctrl/CMakeFiles/payload_ctrl.dir/bsp/startup_stm32c092xx.s.obj

.debug_rnglists
                0x00000000       0x80
 .debug_rnglists
                0x00000000       0x67 boards/payload_ctrl/CMakeFiles/payload_ctrl.dir/app/main.c.obj
 .debug_rnglists
                0x00000067       0x19 boards/payload_ctrl/CMakeFiles/payload_ctrl.dir/bsp/startup_stm32c092xx.s.obj

.debug_line     0x00000000      0xa2a
 .debug_line    0x00000000      0x9ad boards/payload_ctrl/CMakeFiles/payload_ctrl.dir/app/main.c.obj
 .debug_line    0x000009ad       0x7d boards/payload_ctrl/CMakeFiles/payload_ctrl.dir/bsp/startup_stm32c092xx.s.obj

.debug_str      0x00000000      0x4f2
 .debug_str     0x00000000      0x4f2 boards/payload_ctrl/CMakeFiles/payload_ctrl.dir/app/main.c.obj
                                0x49e (size before relaxing)
 .debug_str     0x000004f2        0x0 boards/payload_ctrl/CMakeFiles/payload_ctrl.dir/bsp/startup_stm32c092xx.s.obj
                                 0xf8 (size before relaxing)

.debug_frame    0x00000000      0x180
 .debug_frame   0x00000000      0x180 boards/payload_ctrl/CMakeFiles/payload_ctrl.dir/app/main.c.obj

.debug_line_str
                0x00000000       0xdc
 .debug_line_str
                0x00000000       0xdc boards/payload_ctrl/CMakeFiles/payload_ctrl.dir/bsp/startup_stm32c092xx.s.obj
