Archive member included to satisfy reference by file (symbol)

C:/Program Files/Arm/GNU Toolchain mingw-w64-x86_64-arm-none-eabi/bin/../lib/gcc/arm-none-eabi/15.2.1/thumb/v6-m/nofp\libgcc.a(_udivsi3.o)
                              boards/payload_ctrl/CMakeFiles/payload_ctrl.dir/__/__/common/libcanard/canard.c.obj (__aeabi_uidiv)
C:/Program Files/Arm/GNU Toolchain mingw-w64-x86_64-arm-none-eabi/bin/../lib/gcc/arm-none-eabi/15.2.1/thumb/v6-m/nofp\libgcc.a(_divsi3.o)
                              boards/payload_ctrl/CMakeFiles/payload_ctrl.dir/__/__/common/libcanard/canard.c.obj (__aeabi_idiv)
C:/Program Files/Arm/GNU Toolchain mingw-w64-x86_64-arm-none-eabi/bin/../lib/gcc/arm-none-eabi/15.2.1/thumb/v6-m/nofp\libgcc.a(_dvmd_tls.o)
                              C:/Program Files/Arm/GNU Toolchain mingw-w64-x86_64-arm-none-eabi/bin/../lib/gcc/arm-none-eabi/15.2.1/thumb/v6-m/nofp\libgcc.a(_udivsi3.o) (__aeabi_idiv0)
C:/Program Files/Arm/GNU Toolchain mingw-w64-x86_64-arm-none-eabi/bin/../lib/gcc/arm-none-eabi/15.2.1/thumb/v6-m/nofp\libgcc.a(_arm_cmpsf2.o)
                              boards/payload_ctrl/CMakeFiles/payload_ctrl.dir/__/__/common/libcanard/canard.c.obj (__aeabi_fcmpge)
C:/Program Files/Arm/GNU Toolchain mingw-w64-x86_64-arm-none-eabi/bin/../lib/gcc/arm-none-eabi/15.2.1/thumb/v6-m/nofp\libgcc.a(eqsf2.o)
                              C:/Program Files/Arm/GNU Toolchain mingw-w64-x86_64-arm-none-eabi/bin/../lib/gcc/arm-none-eabi/15.2.1/thumb/v6-m/nofp\libgcc.a(_arm_cmpsf2.o) (__eqsf2)
C:/Program Files/Arm/GNU Toolchain mingw-w64-x86_64-arm-none-eabi/bin/../lib/gcc/arm-none-eabi/15.2.1/thumb/v6-m/nofp\libgcc.a(gesf2.o)
                              C:/Program Files/Arm/GNU Toolchain mingw-w64-x86_64-arm-none-eabi/bin/../lib/gcc/arm-none-eabi/15.2.1/thumb/v6-m/nofp\libgcc.a(_arm_cmpsf2.o) (__gesf2)
C:/Program Files/Arm/GNU Toolchain mingw-w64-x86_64-arm-none-eabi/bin/../lib/gcc/arm-none-eabi/15.2.1/thumb/v6-m/nofp\libgcc.a(lesf2.o)
                              C:/Program Files/Arm/GNU Toolchain mingw-w64-x86_64-arm-none-eabi/bin/../lib/gcc/arm-none-eabi/15.2.1/thumb/v6-m/nofp\libgcc.a(_arm_cmpsf2.o) (__lesf2)
C:/Program Files/Arm/GNU Toolchain mingw-w64-x86_64-arm-none-eabi/bin/../lib/gcc/arm-none-eabi/15.2.1/thumb/v6-m/nofp\libgcc.a(mulsf3.o)
                              boards/payload_ctrl/CMakeFiles/payload_ctrl.dir/__/__/common/libcanard/canard.c.obj (__aeabi_fmul)
C:/Program Files/Arm/GNU Toolchain mingw-w64-x86_64-arm-none-eabi/bin/../lib/gcc/arm-none-eabi/15.2.1/thumb/v6-m/nofp\libgcc.a(_clzsi2.o)
                              C:/Program Files/Arm/GNU Toolchain mingw-w64-x86_64-arm-none-eabi/bin/../lib/gcc/arm-none-eabi/15.2.1/thumb/v6-m/nofp\libgcc.a(mulsf3.o) (__clzsi2)
C:/Program Files/Arm/GNU Toolchain mingw-w64-x86_64-arm-none-eabi/bin/../lib/gcc/arm-none-eabi/15.2.1/../../../../arm-none-eabi/lib/thumb/v6-m/nofp\libg_nano.a(libc_a-exit.o)
                              C:/Program Files/Arm/GNU Toolchain mingw-w64-x86_64-arm-none-eabi/bin/../lib/gcc/arm-none-eabi/15.2.1/../../../../arm-none-eabi/lib/thumb/v6-m/nofp/rdimon-crt0.o (exit)
C:/Program Files/Arm/GNU Toolchain mingw-w64-x86_64-arm-none-eabi/bin/../lib/gcc/arm-none-eabi/15.2.1/../../../../arm-none-eabi/lib/thumb/v6-m/nofp\libg_nano.a(libc_a-findfp.o)
                              C:/Program Files/Arm/GNU Toolchain mingw-w64-x86_64-arm-none-eabi/bin/../lib/gcc/arm-none-eabi/15.2.1/../../../../arm-none-eabi/lib/thumb/v6-m/nofp\libg_nano.a(libc_a-exit.o) (__stdio_exit_handler)
C:/Program Files/Arm/GNU Toolchain mingw-w64-x86_64-arm-none-eabi/bin/../lib/gcc/arm-none-eabi/15.2.1/../../../../arm-none-eabi/lib/thumb/v6-m/nofp\libg_nano.a(libc_a-fwalk.o)
                              C:/Program Files/Arm/GNU Toolchain mingw-w64-x86_64-arm-none-eabi/bin/../lib/gcc/arm-none-eabi/15.2.1/../../../../arm-none-eabi/lib/thumb/v6-m/nofp\libg_nano.a(libc_a-findfp.o) (_fwalk_sglue)
C:/Program Files/Arm/GNU Toolchain mingw-w64-x86_64-arm-none-eabi/bin/../lib/gcc/arm-none-eabi/15.2.1/../../../../arm-none-eabi/lib/thumb/v6-m/nofp\libg_nano.a(libc_a-stdio.o)
                              C:/Program Files/Arm/GNU Toolchain mingw-w64-x86_64-arm-none-eabi/bin/../lib/gcc/arm-none-eabi/15.2.1/../../../../arm-none-eabi/lib/thumb/v6-m/nofp\libg_nano.a(libc_a-findfp.o) (__sread)
C:/Program Files/Arm/GNU Toolchain mingw-w64-x86_64-arm-none-eabi/bin/../lib/gcc/arm-none-eabi/15.2.1/../../../../arm-none-eabi/lib/thumb/v6-m/nofp\libg_nano.a(libc_a-memset.o)
                              C:/Program Files/Arm/GNU Toolchain mingw-w64-x86_64-arm-none-eabi/bin/../lib/gcc/arm-none-eabi/15.2.1/../../../../arm-none-eabi/lib/thumb/v6-m/nofp/rdimon-crt0.o (memset)
C:/Program Files/Arm/GNU Toolchain mingw-w64-x86_64-arm-none-eabi/bin/../lib/gcc/arm-none-eabi/15.2.1/../../../../arm-none-eabi/lib/thumb/v6-m/nofp\libg_nano.a(libc_a-closer.o)
[...]
Memory Configuration

Name             Origin             Length             Attributes
RAM              0x20000000         0x00007800         xrw
FLASH            0x08000000         0x00040000         xr
*default*        0x00000000         0xffffffff

Linker script and memory map

LOAD C:/Program Files/Arm/GNU Toolchain mingw-w64-x86_64-arm-none-eabi/bin/../lib/gcc/arm-none-eabi/15.2.1/thumb/v6-m/nofp/crti.o
LOAD C:/Program Files/Arm/GNU Toolchain mingw-w64-x86_64-arm-none-eabi/bin/../lib/gcc/arm-none-eabi/15.2.1/thumb/v6-m/nofp/crtbegin.o
LOAD C:/Program Files/Arm/GNU Toolchain mingw-w64-x86_64-arm-none-eabi/bin/../lib/gcc/arm-none-eabi/15.2.1/../../../../arm-none-eabi/lib/thumb/v6-m/nofp/rdimon-crt0.o
LOAD boards/payload_ctrl/CMakeFiles/payload_ctrl.dir/app/main.c.obj
LOAD boards/payload_ctrl/CMakeFiles/payload_ctrl.dir/bsp/startup_stm32c092xx.s.obj
LOAD boards/payload_ctrl/CMakeFiles/payload_ctrl.dir/__/__/common/libcanard/canard.c.obj
START GROUP
LOAD C:/Program Files/Arm/GNU Toolchain mingw-w64-x86_64-arm-none-eabi/bin/../lib/gcc/arm-none-eabi/15.2.1/thumb/v6-m/nofp\libgcc.a
LOAD C:/Program Files/Arm/GNU Toolchain mingw-w64-x86_64-arm-none-eabi/bin/../lib/gcc/arm-none-eabi/15.2.1/../../../../arm-none-eabi/lib/thumb/v6-m/nofp\libg_nano.a
LOAD C:/Program Files/Arm/GNU Toolchain mingw-w64-x86_64-arm-none-eabi/bin/../lib/gcc/arm-none-eabi/15.2.1/../../../../arm-none-eabi/lib/thumb/v6-m/nofp\libc_nano.a
END GROUP
START GROUP
LOAD C:/Program Files/Arm/GNU Toolchain mingw-w64-x86_64-arm-none-eabi/bin/../lib/gcc/arm-none-eabi/15.2.1/thumb/v6-m/nofp\libgcc.a
LOAD C:/Program Files/Arm/GNU Toolchain mingw-w64-x86_64-arm-none-eabi/bin/../lib/gcc/arm-none-eabi/15.2.1/../../../../arm-none-eabi/lib/thumb/v6-m/nofp\libc_nano.a
LOAD C:/Program Files/Arm/GNU Toolchain mingw-w64-x86_64-arm-none-eabi/bin/../lib/gcc/arm-none-eabi/15.2.1/../../../../arm-none-eabi/lib/thumb/v6-m/nofp\librdimon_nano.a
END GROUP
START GROUP
LOAD C:/Program Files/Arm/GNU Toolchain mingw-w64-x86_64-arm-none-eabi/bin/../lib/gcc/arm-none-eabi/15.2.1/thumb/v6-m/nofp\libgcc.a
LOAD C:/Program Files/Arm/GNU Toolchain mingw-w64-x86_64-arm-none-eabi/bin/../lib/gcc/arm-none-eabi/15.2.1/../../../../arm-none-eabi/lib/thumb/v6-m/nofp\libc_nano.a
LOAD C:/Program Files/Arm/GNU Toolchain mingw-w64-x86_64-arm-none-eabi/bin/../lib/gcc/arm-none-eabi/15.2.1/../../../../arm-none-eabi/lib/thumb/v6-m/nofp\librdimon_nano.a
END GROUP
LOAD C:/Program Files/Arm/GNU Toolchain mingw-w64-x86_64-arm-none-eabi/bin/../lib/gcc/arm-none-eabi/15.2.1/thumb/v6-m/nofp/crtend.o
LOAD C:/Program Files/Arm/GNU Toolchain mingw-w64-x86_64-arm-none-eabi/bin/../lib/gcc/arm-none-eabi/15.2.1/thumb/v6-m/nofp/crtn.o
                0x20007800                        _estack = (ORIGIN (RAM) + LENGTH (RAM))

.isr_vector     0x08000000       0xc0
                0x08000000                        . = ALIGN (0x4)
 *(.isr_vector)
 .isr_vector    0x08000000       0xc0 boards/payload_ctrl/CMakeFiles/payload_ctrl.dir/bsp/startup_stm32c092xx.s.obj
                0x08000000                g_pfnVectors
 *(.isr_vector*)
                0x080000c0                        . = ALIGN (0x4)

.text           0x080000c0      0x500
                0x080000c0                        . = ALIGN (0x4)
 *(.text)
 *(.text*)
 .text.SystemInit
                0x080000c0       0x54 boards/payload_ctrl/CMakeFiles/payload_ctrl.dir/app/main.c.obj
                0x080000c0                SystemInit
 .text.__libc_init_array
                0x08000114        0xa boards/payload_ctrl/CMakeFiles/payload_ctrl.dir/app/main.c.obj
                0x08000114                __libc_init_array
 *fill*         0x0800011e        0x2 
 .text.delay_ms
                0x08000120       0x30 boards/payload_ctrl/CMakeFiles/payload_ctrl.dir/app/main.c.obj
 .text.i2c_write2
                0x08000150      0x148 boards/payload_ctrl/CMakeFiles/payload_ctrl.dir/app/main.c.obj
 .text.eeprom_wait
                0x08000298       0xb0 boards/payload_ctrl/CMakeFiles/payload_ctrl.dir/app/main.c.obj
 .text.AD5144_StoreEEPROM
                0x08000348       0x4a boards/payload_ctrl/CMakeFiles/payload_ctrl.dir/app/main.c.obj
 *fill*         0x08000392        0x2 
 .text.main     0x08000394      0x1d8 boards/payload_ctrl/CMakeFiles/payload_ctrl.dir/app/main.c.obj
                0x08000394                main
 .text.Reset_Handler
                0x0800056c       0x50 boards/payload_ctrl/CMakeFiles/payload_ctrl.dir/bsp/startup_stm32c092xx.s.obj
                0x0800056c                Reset_Handler
 .text.Default_Handler
                0x080005bc        0x2 boards/payload_ctrl/CMakeFiles/payload_ctrl.dir/bsp/startup_stm32c092xx.s.obj
                0x080005bc                TIM1_CC_IRQHandler
                0x080005bc                HardFault_Handler
                0x080005bc                SysTick_Handler
                0x080005bc                PendSV_Handler
                0x080005bc                NMI_Handler
                0x080005bc                I2C1_IRQHandler
                0x080005bc                FDCAN1_IT1_IRQHandler
                0x080005bc                SPI1_IRQHandler
                0x080005bc                USART3_4_IRQHandler
                0x080005bc                EXTI2_3_IRQHandler
                0x080005bc                ADC1_IRQHandler
                0x080005bc                I2C2_IRQHandler
                0x080005bc                TIM17_IRQHandler
                0x080005bc                RTC_IRQHandler
                0x080005bc                TIM16_IRQHandler
                0x080005bc                TIM3_IRQHandler
                0x080005bc                EXTI4_15_IRQHandler
                0x080005bc                RCC_IRQHandler
                0x080005bc                DMA1_Channel1_IRQHandler
                0x080005bc                Default_Handler
                0x080005bc                TIM14_IRQHandler
                0x080005bc                TIM15_IRQHandler
                0x080005bc                EXTI0_1_IRQHandler
                0x080005bc                SPI2_IRQHandler
                0x080005bc                SVC_Handler
                0x080005bc                WWDG_IRQHandler
                0x080005bc                FDCAN1_IT0_IRQHandler
                0x080005bc                TIM2_IRQHandler
                0x080005bc                DMA1_Channel2_3_IRQHandler
                0x080005bc                DMAMUX1_DMA1_CH4_5_IRQHandler
                0x080005bc                USART2_IRQHandler
                0x080005bc                FLASH_IRQHandler
                0x080005bc                USART1_IRQHandler
                0x080005bc                TIM1_BRK_UP_TRG_COM_IRQHandler
 *(.glue_7)
 .glue_7        0x080005be        0x0 linker stubs
 *(.glue_7t)
 .glue_7t       0x080005be        0x0 linker stubs
 *(.rodata)
 *(.rodata*)
                0x080005c0                        . = ALIGN (0x4)
 *fill*         0x080005be        0x2 
                0x080005c0                        _etext = .
                0x080005c8                        _sidata = LOADADDR (.data)

.vfp11_veneer   0x080005c0        0x0
 .vfp11_veneer  0x080005c0        0x0 linker stubs

.v4_bx          0x080005c0        0x0
 .v4_bx         0x080005c0        0x0 linker stubs

.init           0x080005c0        0x4
 .init          0x080005c0        0x4 C:/Program Files/Arm/GNU Toolchain mingw-w64-x86_64-arm-none-eabi/bin/../lib/gcc/arm-none-eabi/15.2.1/thumb/v6-m/nofp/crti.o
                0x080005c0                _init

.fini           0x080005c4        0x4
 .fini          0x080005c4        0x4 C:/Program Files/Arm/GNU Toolchain mingw-w64-x86_64-arm-none-eabi/bin/../lib/gcc/arm-none-eabi/15.2.1/thumb/v6-m/nofp/crti.o
                0x080005c4                _fini

.iplt           0x080005c8        0x0
 .iplt          0x080005c8        0x0 boards/payload_ctrl/CMakeFiles/payload_ctrl.dir/app/main.c.obj

.rel.dyn        0x080005c8        0x0
 .rel.iplt      0x080005c8        0x0 boards/payload_ctrl/CMakeFiles/payload_ctrl.dir/app/main.c.obj

.data           0x20000000        0x0 load address 0x080005c8
                0x20000000                        . = ALIGN (0x4)
                0x20000000                        _sdata = .
 *(.data)
 *(.data*)
                0x20000000                        . = ALIGN (0x4)
                0x20000000                        _edata = .

.igot.plt       0x20000000        0x0 load address 0x080005c8
 .igot.plt      0x20000000        0x0 boards/payload_ctrl/CMakeFiles/payload_ctrl.dir/app/main.c.obj

.bss            0x20000000        0x0 load address 0x080005c8
                0x20000000                        . = ALIGN (0x4)
                0x20000000                        _sbss = .
 *(.bss)
 *(.bss*)
 *(COMMON)
                0x20000000                        . = ALIGN (0x4)
                0x20000000                        _ebss = .

._user_heap_stack
                0x20000000      0x800 load address 0x080005c8
                0x20000000                        . = ALIGN (0x8)
                0x20000000                        PROVIDE (end = .)
                0x20000400                        . = (. + 0x400)
 *fill*         0x20000000      0x400 
                0x20000800                        . = (. + 0x400)
 *fill*         0x20000400      0x400 
                0x20000800                        . = ALIGN (0x8)
OUTPUT(boards\payload_ctrl\payload_ctrl elf32-littlearm)
LOAD linker stubs

.ARM.attributes
                0x00000000       0x28
 .ARM.attributes
                0x00000000       0x1e C:/Program Files/Arm/GNU Toolchain mingw-w64-x86_64-arm-none-eabi/bin/../lib/gcc/arm-none-eabi/15.2.1/thumb/v6-m/nofp/crti.o
 .ARM.attributes
                0x0000001e       0x2c boards/payload_ctrl/CMakeFiles/payload_ctrl.dir/app/main.c.obj
 .ARM.attributes
                0x0000004a       0x22 boards/payload_ctrl/CMakeFiles/payload_ctrl.dir/bsp/startup_stm32c092xx.s.obj

.comment        0x00000000       0x45
 .comment       0x00000000       0x45 boards/payload_ctrl/CMakeFiles/payload_ctrl.dir/app/main.c.obj
                                 0x46 (size before relaxing)

.debug_info     0x00000000      0x5a5
 .debug_info    0x00000000      0x575 boards/payload_ctrl/CMakeFiles/payload_ctrl.dir/app/main.c.obj
 .debug_info    0x00000575       0x30 boards/payload_ctrl/CMakeFiles/payload_ctrl.dir/bsp/startup_stm32c092xx.s.obj

.debug_abbrev   0x00000000      0x1b5
 .debug_abbrev  0x00000000      0x191 boards/payload_ctrl/CMakeFiles/payload_ctrl.dir/app/main.c.obj
 .debug_abbrev  0x00000191       0x24 boards/payload_ctrl/CMakeFiles/payload_ctrl.dir/bsp/startup_stm32c092xx.s.obj

.debug_aranges  0x00000000       0x78
 .debug_aranges
                0x00000000       0x50 boards/payload_ctrl/CMakeFiles/payload_ctrl.dir/app/main.c.obj
 .debug_aranges
                0x00000050       0x28 boards/payload_ctrl/CMakeFiles/payload_ctrl.dir/bsp/startup_stm32c092xx.s.obj

.debug_rnglists
                0x00000000       0x61
 .debug_rnglists
                0x00000000       0x48 boards/payload_ctrl/CMakeFiles/payload_ctrl.dir/app/main.c.obj
 .debug_rnglists
                0x00000048       0x19 boards/payload_ctrl/CMakeFiles/payload_ctrl.dir/bsp/startup_stm32c092xx.s.obj

.debug_line     0x00000000      0x68c
 .debug_line    0x00000000      0x60f boards/payload_ctrl/CMakeFiles/payload_ctrl.dir/app/main.c.obj
 .debug_line    0x0000060f       0x7d boards/payload_ctrl/CMakeFiles/payload_ctrl.dir/bsp/startup_stm32c092xx.s.obj

.debug_str      0x00000000      0x43e
 .debug_str     0x00000000      0x43e boards/payload_ctrl/CMakeFiles/payload_ctrl.dir/app/main.c.obj
                                0x3ea (size before relaxing)
 .debug_str     0x0000043e        0x0 boards/payload_ctrl/CMakeFiles/payload_ctrl.dir/bsp/startup_stm32c092xx.s.obj
                                 0xf8 (size before relaxing)

.debug_frame    0x00000000       0xe8
 .debug_frame   0x00000000       0xe8 boards/payload_ctrl/CMakeFiles/payload_ctrl.dir/app/main.c.obj

.debug_line_str
                0x00000000       0xdc
 .debug_line_str
                0x00000000       0xdc boards/payload_ctrl/CMakeFiles/payload_ctrl.dir/bsp/startup_stm32c092xx.s.obj
